
     Program PWSCF v.6.4.1 starts on 10Dec2019 at 19:57:46 

     This program is part of the open-source Quantum ESPRESSO suite
     for quantum simulation of materials; please cite
         "P. Giannozzi et al., J. Phys.:Condens. Matter 21 395502 (2009);
         "P. Giannozzi et al., J. Phys.:Condens. Matter 29 465901 (2017);
          URL http://www.quantum-espresso.org", 
     in publications or presentations arising from this work. More details at
     http://www.quantum-espresso.org/quote

     Parallel version (MPI & OpenMP), running on       8 processor cores
     Number of MPI processes:                 8
     Threads/MPI process:                     1

     MPI processes distributed on     1 nodes
     R & G space division:  proc/nbgrp/npool/nimage =       8
     Reading input from pw.bands.in

     Current dimensions of program PWSCF are:
     Max number of different atomic species (ntypx) = 10
     Max number of k-points (npk) =  40000
     Max angular momentum in pseudopotentials (lmaxx) =  3

     Atomic positions and unit cell read from directory:
     ./graphene.save/
 

     Subspace diagonalization in iterative solution of the eigenvalue problem:
     one sub-group per band group will be used
     scalapack distributed-memory algorithm (size of sub-group:  2*  2 procs)

     Found symmetry operation: I + (  0.0000 -0.5000  0.0000)
     This is a supercell, fractional translations are disabled
     Message from routine setup:
     DEPRECATED: symmetry with ibrav=0, use correct ibrav instead
 
     Parallelization info
     --------------------
     sticks:   dense  smooth     PW     G-vecs:    dense   smooth      PW
     Min         133     133     43                14415    14415    2623
     Max         134     134     44                14432    14432    2636
     Sum        1069    1069    349               115397   115397   21055
 


     bravais-lattice index     =            0
     lattice parameter (alat)  =       9.2975  a.u.
     unit-cell volume          =    2829.3550 (a.u.)^3
     number of atoms/cell      =            8
     number of atomic types    =            1
     number of electrons       =        32.00
     number of Kohn-Sham states=           20
     kinetic-energy cutoff     =      45.0000  Ry
     charge density cutoff     =     180.0000  Ry
     Exchange-correlation      = PBE ( 1  4  3  4 0 0)

     celldm(1)=   9.297453  celldm(2)=   0.000000  celldm(3)=   0.000000
     celldm(4)=   0.000000  celldm(5)=   0.000000  celldm(6)=   0.000000

     crystal axes: (cart. coord. in units of alat)
               a(1) = (   1.000000   0.000000   0.000000 )  
               a(2) = (   0.500000   0.866025   0.000000 )  
               a(3) = (   0.000000   0.000000   4.065041 )  

     reciprocal axes: (cart. coord. in units 2 pi/alat)
               b(1) = (  1.000000 -0.577350  0.000000 )  
               b(2) = (  0.000000  1.154701  0.000000 )  
               b(3) = (  0.000000  0.000000  0.246000 )  


     PseudoPot. # 1 for C  read from file:
     ./C.upf
     MD5 check sum: 34a24e64c0a39f27c6c36b90a16ac686
     Pseudo is Norm-conserving + core correction, Zval =  4.0
     Generated using ONCVPSP code by D. R. Hamann
     Using radial grid of 1248 points,  4 beta functions with: 
                l(1) =   0
                l(2) =   0
                l(3) =   1
                l(4) =   1

     atomic species   valence    mass     pseudopotential
        C              4.00    12.01070     C ( 1.00)

     24 Sym. Ops., with inversion, found



   Cartesian axes

     site n.     atom                  positions (alat units)
         1           C   tau(   1) = (   0.2500005   0.1443379   0.0000000  )
         2           C   tau(   2) = (   0.5000005   0.5773506   0.0000000  )
         3           C   tau(   3) = (   0.7500005   0.1443379   0.0000000  )
         4           C   tau(   4) = (   1.0000005   0.5773506   0.0000000  )
         5           C   tau(   5) = (   0.4999995   0.2886748   0.0000000  )
         6           C   tau(   6) = (   0.7499995   0.7216876   0.0000000  )
         7           C   tau(   7) = (   0.9999995   0.2886748   0.0000000  )
         8           C   tau(   8) = (   1.2499995   0.7216876   0.0000000  )

     number of k points=    51
                       cart. coord. in units 2pi/alat
        k(    1) = (   0.0000000   0.0000000   0.0000000), wk =   0.0392157
        k(    2) = (   0.0266667   0.0000000   0.0000000), wk =   0.0392157
        k(    3) = (   0.0533333   0.0000000   0.0000000), wk =   0.0392157
        k(    4) = (   0.0800000   0.0000000   0.0000000), wk =   0.0392157
        k(    5) = (   0.1066667   0.0000000   0.0000000), wk =   0.0392157
        k(    6) = (   0.1333333   0.0000000   0.0000000), wk =   0.0392157
        k(    7) = (   0.1600000   0.0000000   0.0000000), wk =   0.0392157
        k(    8) = (   0.1866667   0.0000000   0.0000000), wk =   0.0392157
        k(    9) = (   0.2133333   0.0000000   0.0000000), wk =   0.0392157
        k(   10) = (   0.2400000   0.0000000   0.0000000), wk =   0.0392157
        k(   11) = (   0.2666667   0.0000000   0.0000000), wk =   0.0392157
        k(   12) = (   0.2933333   0.0000000   0.0000000), wk =   0.0392157
        k(   13) = (   0.3200000   0.0000000   0.0000000), wk =   0.0392157
        k(   14) = (   0.3466667   0.0000000   0.0000000), wk =   0.0392157
        k(   15) = (   0.3733333   0.0000000   0.0000000), wk =   0.0392157
        k(   16) = (   0.4000000   0.0000000   0.0000000), wk =   0.0392157
        k(   17) = (   0.4266667   0.0000000   0.0000000), wk =   0.0392157
        k(   18) = (   0.4533333   0.0000000   0.0000000), wk =   0.0392157
        k(   19) = (   0.4800000   0.0000000   0.0000000), wk =   0.0392157
        k(   20) = (   0.5066667   0.0000000   0.0000000), wk =   0.0392157
        k(   21) = (   0.5333333   0.0000000   0.0000000), wk =   0.0392157
        k(   22) = (   0.5600000   0.0000000   0.0000000), wk =   0.0392157
        k(   23) = (   0.5866667   0.0000000   0.0000000), wk =   0.0392157
        k(   24) = (   0.6133333   0.0000000   0.0000000), wk =   0.0392157
        k(   25) = (   0.6400000   0.0000000   0.0000000), wk =   0.0392157
        k(   26) = (   0.6666667   0.0000000   0.0000000), wk =   0.0392157
        k(   27) = (   0.6933333   0.0000000   0.0000000), wk =   0.0392157
        k(   28) = (   0.7200000   0.0000000   0.0000000), wk =   0.0392157
        k(   29) = (   0.7466667   0.0000000   0.0000000), wk =   0.0392157
        k(   30) = (   0.7733333   0.0000000   0.0000000), wk =   0.0392157
        k(   31) = (   0.8000000   0.0000000   0.0000000), wk =   0.0392157
        k(   32) = (   0.8266667   0.0000000   0.0000000), wk =   0.0392157
        k(   33) = (   0.8533333   0.0000000   0.0000000), wk =   0.0392157
        k(   34) = (   0.8800000   0.0000000   0.0000000), wk =   0.0392157
        k(   35) = (   0.9066667   0.0000000   0.0000000), wk =   0.0392157
        k(   36) = (   0.9333333   0.0000000   0.0000000), wk =   0.0392157
        k(   37) = (   0.9600000   0.0000000   0.0000000), wk =   0.0392157
        k(   38) = (   0.9866667   0.0000000   0.0000000), wk =   0.0392157
        k(   39) = (   1.0133333   0.0000000   0.0000000), wk =   0.0392157
        k(   40) = (   1.0400000   0.0000000   0.0000000), wk =   0.0392157
        k(   41) = (   1.0666667   0.0000000   0.0000000), wk =   0.0392157
        k(   42) = (   1.0933333   0.0000000   0.0000000), wk =   0.0392157
        k(   43) = (   1.1200000   0.0000000   0.0000000), wk =   0.0392157
        k(   44) = (   1.1466667   0.0000000   0.0000000), wk =   0.0392157
        k(   45) = (   1.1733333   0.0000000   0.0000000), wk =   0.0392157
        k(   46) = (   1.2000000   0.0000000   0.0000000), wk =   0.0392157
        k(   47) = (   1.2266667   0.0000000   0.0000000), wk =   0.0392157
        k(   48) = (   1.2533333   0.0000000   0.0000000), wk =   0.0392157
        k(   49) = (   1.2800000   0.0000000   0.0000000), wk =   0.0392157
        k(   50) = (   1.3066667   0.0000000   0.0000000), wk =   0.0392157
        k(   51) = (   1.3333333   0.0000000   0.0000000), wk =   0.0392157

     Dense  grid:   115397 G-vectors     FFT dimensions: (  40,  40, 162)

     Estimated max dynamical RAM per process >      11.56 MB

     Estimated total dynamical RAM >      92.52 MB

     The potential is recalculated from file :
     ./graphene.save/charge-density

     Starting wfcs are   32 randomized atomic wfcs

     Band Structure Calculation
     Davidson diagonalization with overlap
     c_bands:  1 eigenvalues not converged

     ethr =  3.13E-11,  avg # of iterations = 40.2

     total cpu time spent up to now is       71.0 secs

     End of band structure calculation

          k = 0.0000 0.0000 0.0000 ( 14337 PWs)   bands (ev):

   -21.9862 -16.7076 -16.7075 -16.7074 -15.6724 -15.6723 -15.6723 -10.0016
    -8.7765  -8.7765  -8.7764  -5.3198  -5.3195  -4.6850  -4.6850  -4.6849
    -0.6038  -0.6037  -0.6037   0.9113

          k = 0.0267 0.0000 0.0000 ( 14351 PWs)   bands (ev):

   -21.9834 -16.7508 -16.7507 -16.7047 -15.6695 -15.6243 -15.6241  -9.9984
    -8.7908  -8.7777  -8.7776  -5.3375  -5.3300  -4.6997  -4.6996  -4.6804
    -0.6043  -0.5843  -0.5842   0.9156

          k = 0.0533 0.0000 0.0000 ( 14335 PWs)   bands (ev):

   -21.9745 -16.8611 -16.8610 -16.6962 -15.6610 -15.4968 -15.4967  -9.9890
    -8.8311  -8.7794  -8.7793  -5.3777  -5.3513  -4.7434  -4.7433  -4.6691
    -0.6058  -0.5266  -0.5265   0.9284

          k = 0.0800 0.0000 0.0000 ( 14338 PWs)   bands (ev):

   -21.9587 -17.0104 -17.0104 -16.6819 -15.6467 -15.3251 -15.3250  -9.9702
    -8.9013  -8.7858  -8.7857  -5.4447  -5.3867  -4.8140  -4.8140  -4.6491
    -0.6082  -0.4344  -0.4343   0.9499

          k = 0.1067 0.0000 0.0000 ( 14362 PWs)   bands (ev):

   -21.9367 -17.1771 -17.1770 -16.6635 -15.6285 -15.1239 -15.1238  -9.9452
    -9.0049  -8.7941  -8.7940  -5.5342  -5.4360  -4.9075  -4.9075  -4.6235
    -0.6164  -0.3103  -0.3102   0.9801

          k = 0.1333 0.0000 0.0000 ( 14360 PWs)   bands (ev):

   -21.9080 -17.3502 -17.3502 -16.6390 -15.6040 -14.9058 -14.9057  -9.9110
    -9.1294  -8.8052  -8.8051  -5.6483  -5.4988  -5.0190  -5.0189  -4.5884
    -0.6256  -0.1594  -0.1593   1.0188

          k = 0.1600 0.0000 0.0000 ( 14388 PWs)   bands (ev):

   -21.8732 -17.5264 -17.5264 -16.6089 -15.5747 -14.6776 -14.6775  -9.8692
    -9.2763  -8.8190  -8.8189  -5.7886  -5.5756  -5.1461  -5.1460  -4.5458
    -0.6376   0.0143   0.0144   1.0661

          k = 0.1867 0.0000 0.0000 ( 14398 PWs)   bands (ev):

   -21.8320 -17.7013 -17.7013 -16.5739 -15.5408 -14.4397 -14.4396  -9.8200
    -9.4421  -8.8363  -8.8362  -5.9447  -5.6643  -5.2832  -5.2831  -4.4954
    -0.6526   0.2086   0.2087   1.1220

          k = 0.2133 0.0000 0.0000 ( 14408 PWs)   bands (ev):

   -21.7846 -17.8742 -17.8742 -16.5330 -15.5011 -14.1959 -14.1958  -9.7635
    -9.6268  -8.8528  -8.8527  -6.1174  -5.7654  -5.4285  -5.4285  -4.4383
    -0.6722   0.4175   0.4176   1.1866

          k = 0.2400 0.0000 0.0000 ( 14396 PWs)   bands (ev):

   -21.7308 -18.0423 -18.0423 -16.4869 -15.4573 -13.9451 -13.9450  -9.8275
    -9.6993  -8.8696  -8.8695  -6.3072  -5.8801  -5.5787  -5.5786  -4.3717
    -0.6956   0.6394   0.6395   1.2597

          k = 0.2667 0.0000 0.0000 ( 14424 PWs)   bands (ev):

   -21.6706 -18.2074 -18.2074 -16.4356 -15.4091 -13.6913 -13.6913 -10.0434
    -9.6265  -8.8895  -8.8894  -6.5097  -6.0079  -5.7321  -5.7320  -4.2998
    -0.7277   0.8705   0.8706   1.3415

          k = 0.2933 0.0000 0.0000 ( 14424 PWs)   bands (ev):

   -21.6041 -18.3666 -18.3666 -16.3787 -15.3572 -13.4330 -13.4329 -10.2702
    -9.5470  -8.9095  -8.9094  -6.7231  -6.1453  -5.8863  -5.8863  -4.2182
    -0.7637   1.1078   1.1078   1.4318

          k = 0.3200 0.0000 0.0000 ( 14420 PWs)   bands (ev):

   -21.5310 -18.5214 -18.5213 -16.3168 -15.3010 -13.1719 -13.1718 -10.5038
    -9.4597  -8.9297  -8.9296  -6.9426  -6.2898  -6.0403  -6.0403  -4.1305
    -0.8060   1.3498   1.3499   1.5309

          k = 0.3467 0.0000 0.0000 ( 14430 PWs)   bands (ev):

   -21.4524 -18.6713 -18.6713 -16.2486 -15.2408 -12.9090 -12.9089 -10.7468
    -9.3664  -8.9496  -8.9495  -7.1743  -6.4459  -6.1939  -6.1939  -4.0327
    -0.8557   1.5950   1.5950   1.6384

          k = 0.3733 0.0000 0.0000 ( 14426 PWs)   bands (ev):

   -21.3671 -18.8157 -18.8156 -16.1759 -15.1778 -12.6453 -12.6453 -10.9926
    -9.2647  -8.9682  -8.9680  -7.4088  -6.6105  -6.3444  -6.3443  -3.9287
    -0.9135   1.7546   1.8411   1.8411

          k = 0.4000 0.0000 0.0000 ( 14436 PWs)   bands (ev):

   -21.2756 -18.9543 -18.9543 -16.0986 -15.1136 -12.3802 -12.3801 -11.2433
    -9.1563  -8.9863  -8.9862  -7.6514  -6.7829  -6.4924  -6.4924  -3.8169
    -0.9818   1.8794   2.0860   2.0861

          k = 0.4267 0.0000 0.0000 ( 14438 PWs)   bands (ev):

   -21.1782 -19.0878 -19.0878 -16.0147 -15.0465 -12.1154 -12.1153 -11.4926
    -9.0412  -9.0026  -9.0025  -7.8966  -6.9622  -6.6363  -6.6362  -3.6970
    -1.0601   2.0127   2.3289   2.3290

          k = 0.4533 0.0000 0.0000 ( 14432 PWs)   bands (ev):

   -21.0748 -19.2151 -19.2151 -15.9250 -14.9818 -11.8524 -11.8522 -11.7388
    -9.0158  -9.0157  -8.9190  -8.1434  -7.1494  -6.7752  -6.7752  -3.5705
    -1.1508   2.1547   2.5705   2.5705

          k = 0.4800 0.0000 0.0000 ( 14438 PWs)   bands (ev):

   -20.9645 -19.3369 -19.3368 -15.8303 -14.9202 -11.9785 -11.5948 -11.5947
    -9.0257  -9.0256  -8.7891  -8.3941  -7.3392  -6.9105  -6.9105  -3.4366
    -1.2538   2.3052   2.8032   2.8033

          k = 0.5067 0.0000 0.0000 ( 14450 PWs)   bands (ev):

   -20.8483 -19.4522 -19.4522 -15.7316 -14.8655 -12.2092 -11.3414 -11.3413
    -9.0301  -9.0300  -8.6519  -8.6452  -7.5377  -7.0407  -7.0406  -3.2952
    -1.3671   2.4643   3.0289   3.0290

          k = 0.5333 0.0000 0.0000 ( 14444 PWs)   bands (ev):

   -20.7259 -19.5625 -19.5625 -15.6254 -14.8216 -12.4229 -11.0959 -11.0958
    -9.0274  -9.0272  -8.8986  -8.5077  -7.7370  -7.1647  -7.1647  -3.1460
    -1.4912   2.6319   3.2461   3.2462

          k = 0.5600 0.0000 0.0000 ( 14460 PWs)   bands (ev):

   -20.5974 -19.6675 -19.6675 -15.5151 -14.7951 -12.6116 -10.8638 -10.8637
    -9.1501  -9.0155  -9.0154  -8.3573  -7.9392  -7.2838  -7.2838  -2.9905
    -1.6259   2.8081   3.4546   3.4547

          k = 0.5867 0.0000 0.0000 ( 14460 PWs)   bands (ev):

   -20.4631 -19.7658 -19.7658 -15.3990 -14.7949 -12.7707 -10.6463 -10.6461
    -9.3982  -8.9892  -8.9891  -8.2004  -8.1476  -7.3957  -7.3957  -2.8276
    -1.7755   2.9928   3.6534   3.6535

          k = 0.6133 0.0000 0.0000 ( 14446 PWs)   bands (ev):

   -20.3225 -19.8576 -19.8576 -15.2776 -14.8288 -12.8902 -10.4511 -10.4509
    -9.6494  -8.9429  -8.9427  -8.3564  -8.0366  -7.5008  -7.5008  -2.6547
    -1.9362   3.1860   3.8289   3.8289

          k = 0.6400 0.0000 0.0000 ( 14442 PWs)   bands (ev):

   -20.1763 -19.9438 -19.9438 -15.1504 -14.9035 -12.9610 -10.2823 -10.2822
    -9.8972  -8.8741  -8.8740  -8.5674  -7.8674  -7.6001  -7.6001  -2.4775
    -2.1090   3.3876   3.7091   3.7091

          k = 0.6667 0.0000 0.0000 ( 14418 PWs)   bands (ev):

   -20.0240 -20.0240 -20.0239 -15.0188 -15.0187 -12.9840 -10.1423 -10.1423
   -10.1421  -8.7788  -8.7787  -8.7786  -7.6922  -7.6922  -7.6921  -2.2933
    -2.2932   3.5977   3.5977   3.5977

          k = 0.6933 0.0000 0.0000 ( 14428 PWs)   bands (ev):

   -20.0985 -20.0985 -19.8666 -15.1693 -14.8804 -12.9622 -10.3877 -10.0362
   -10.0361  -8.9946  -8.6619  -8.6618  -7.7774  -7.7774  -7.5115  -2.4851
    -2.1000   3.4948   3.4948   3.8162

          k = 0.7200 0.0000 0.0000 ( 14452 PWs)   bands (ev):

   -20.1670 -20.1670 -19.7045 -15.3498 -14.7388 -12.9064 -10.6268  -9.9587
    -9.9586  -9.2081  -8.5235  -8.5234  -7.8570  -7.8570  -7.3238  -2.6878
    -1.9028   3.4004   3.4004   3.5679

          k = 0.7467 0.0000 0.0000 ( 14456 PWs)   bands (ev):

   -20.2294 -20.2294 -19.5358 -15.5490 -14.5920 -12.8217 -10.8648  -9.9039
    -9.9038  -9.4221  -8.3710  -8.3709  -7.9298  -7.9297  -7.1307  -2.8964
    -1.6985   3.2667   3.3145   3.3145

          k = 0.7733 0.0000 0.0000 ( 14422 PWs)   bands (ev):

   -20.2848 -20.2848 -19.3620 -15.7616 -14.4382 -12.7151 -11.0969  -9.8663
    -9.8662  -9.6337  -8.2105  -8.2104  -7.9945  -7.9945  -6.9312  -3.1112
    -1.4860   2.9675   3.2371   3.2372

          k = 0.8000 0.0000 0.0000 ( 14428 PWs)   bands (ev):

   -20.3348 -20.3348 -19.1826 -15.9840 -14.2801 -12.5915 -11.3278  -9.8468
    -9.8423  -9.8422  -8.0530  -8.0529  -8.0527  -8.0526  -6.7283  -3.3325
    -1.2690   2.6668   3.1683   3.1683

          k = 0.8267 0.0000 0.0000 ( 14424 PWs)   bands (ev):

   -20.3785 -20.3785 -18.9976 -16.2096 -14.1184 -12.4561 -11.5533 -10.0576
    -9.8265  -9.8264  -8.1039  -8.1038  -7.9039  -7.9039  -6.5191  -3.5580
    -1.0431   2.3763   3.1080   3.1080

          k = 0.8533 0.0000 0.0000 ( 14422 PWs)   bands (ev):

   -20.4162 -20.4161 -18.8066 -16.4385 -13.9498 -12.3094 -11.7779 -10.2657
    -9.8157  -9.8156  -8.1483  -8.1483  -7.7669  -7.7669  -6.3049  -3.7868
    -0.8127   2.0856   3.0562   3.0562

          k = 0.8800 0.0000 0.0000 ( 14458 PWs)   bands (ev):

   -20.4475 -20.4475 -18.6115 -16.6689 -13.7767 -12.1529 -11.9988 -10.4719
    -9.8104  -9.8104  -8.1854  -8.1854  -7.6475  -7.6475  -6.0878  -4.0194
    -0.5787   1.7982   3.0131   3.0131

          k = 0.9067 0.0000 0.0000 ( 14446 PWs)   bands (ev):

   -20.4723 -20.4723 -18.4119 -16.8957 -13.5984 -12.2157 -11.9874 -10.6752
    -9.8066  -9.8065  -8.2144  -8.2144  -7.5439  -7.5439  -5.8669  -4.2518
    -0.3360   1.5143   2.9785   2.9785

          k = 0.9333 0.0000 0.0000 ( 14440 PWs)   bands (ev):

   -20.4910 -20.4910 -18.2086 -17.1230 -13.4146 -12.4255 -11.8148 -10.8762
    -9.8041  -9.8041  -8.2356  -8.2356  -7.4648  -7.4647  -5.6425  -4.4857
    -0.0874   1.2350   2.9525   2.9525

          k = 0.9600 0.0000 0.0000 ( 14438 PWs)   bands (ev):

   -20.5034 -20.5034 -17.9990 -17.3468 -13.2274 -12.6335 -11.6368 -11.0738
    -9.8028  -9.8028  -8.2492  -8.2491  -7.4131  -7.4131  -5.4142  -4.7185
     0.1656   0.9603   2.9352   2.9352

          k = 0.9867 0.0000 0.0000 ( 14442 PWs)   bands (ev):

   -20.5096 -20.5095 -17.7856 -17.5679 -13.0351 -12.8367 -11.4537 -11.2663
    -9.8018  -9.8018  -8.2562  -8.2562  -7.3864  -7.3864  -5.1836  -4.9517
     0.4249   0.6902   2.9266   2.9266

          k = 1.0133 0.0000 0.0000 ( 14442 PWs)   bands (ev):

   -20.5096 -20.5095 -17.7856 -17.5679 -13.0351 -12.8367 -11.4537 -11.2663
    -9.8018  -9.8018  -8.2562  -8.2562  -7.3864  -7.3864  -5.1836  -4.9517
     0.4249   0.6902   2.9266   2.9266

          k = 1.0400 0.0000 0.0000 ( 14438 PWs)   bands (ev):

   -20.5034 -20.5034 -17.9990 -17.3468 -13.2274 -12.6335 -11.6368 -11.0738
    -9.8028  -9.8028  -8.2492  -8.2491  -7.4131  -7.4131  -5.4142  -4.7185
     0.1656   0.9603   2.9352   2.9352

          k = 1.0667 0.0000 0.0000 ( 14440 PWs)   bands (ev):

   -20.4910 -20.4910 -18.2086 -17.1230 -13.4146 -12.4255 -11.8148 -10.8762
    -9.8041  -9.8041  -8.2356  -8.2356  -7.4648  -7.4647  -5.6425  -4.4857
    -0.0874   1.2350   2.9525   2.9525

          k = 1.0933 0.0000 0.0000 ( 14446 PWs)   bands (ev):

   -20.4723 -20.4723 -18.4119 -16.8957 -13.5984 -12.2157 -11.9874 -10.6752
    -9.8066  -9.8065  -8.2144  -8.2144  -7.5439  -7.5439  -5.8669  -4.2518
    -0.3360   1.5143   2.9785   2.9785

          k = 1.1200 0.0000 0.0000 ( 14458 PWs)   bands (ev):

   -20.4475 -20.4475 -18.6115 -16.6689 -13.7767 -12.1529 -11.9988 -10.4719
    -9.8104  -9.8104  -8.1854  -8.1854  -7.6475  -7.6475  -6.0878  -4.0194
    -0.5787   1.7982   3.0131   3.0131

          k = 1.1467 0.0000 0.0000 ( 14422 PWs)   bands (ev):

   -20.4162 -20.4161 -18.8066 -16.4385 -13.9498 -12.3094 -11.7779 -10.2657
    -9.8157  -9.8156  -8.1483  -8.1483  -7.7669  -7.7669  -6.3049  -3.7868
    -0.8127   2.0856   3.0562   3.0562

          k = 1.1733 0.0000 0.0000 ( 14424 PWs)   bands (ev):

   -20.3785 -20.3785 -18.9976 -16.2096 -14.1184 -12.4561 -11.5533 -10.0576
    -9.8265  -9.8264  -8.1039  -8.1038  -7.9039  -7.9039  -6.5191  -3.5580
    -1.0431   2.3763   3.1080   3.1080

          k = 1.2000 0.0000 0.0000 ( 14428 PWs)   bands (ev):

   -20.3348 -20.3348 -19.1826 -15.9840 -14.2801 -12.5915 -11.3278  -9.8468
    -9.8423  -9.8422  -8.0530  -8.0529  -8.0527  -8.0526  -6.7283  -3.3325
    -1.2690   2.6668   3.1683   3.1683

          k = 1.2267 0.0000 0.0000 ( 14422 PWs)   bands (ev):

   -20.2848 -20.2848 -19.3620 -15.7616 -14.4382 -12.7151 -11.0969  -9.8663
    -9.8662  -9.6337  -8.2105  -8.2104  -7.9945  -7.9945  -6.9312  -3.1112
    -1.4860   2.9675   3.2371   3.2372

          k = 1.2533 0.0000 0.0000 ( 14456 PWs)   bands (ev):

   -20.2294 -20.2294 -19.5358 -15.5490 -14.5920 -12.8217 -10.8648  -9.9039
    -9.9038  -9.4221  -8.3710  -8.3709  -7.9298  -7.9297  -7.1307  -2.8964
    -1.6985   3.2667   3.3145   3.3145

          k = 1.2800 0.0000 0.0000 ( 14452 PWs)   bands (ev):

   -20.1670 -20.1670 -19.7045 -15.3498 -14.7388 -12.9064 -10.6268  -9.9587
    -9.9586  -9.2081  -8.5235  -8.5234  -7.8570  -7.8570  -7.3238  -2.6878
    -1.9028   3.4004   3.4004   3.5679

          k = 1.3067 0.0000 0.0000 ( 14428 PWs)   bands (ev):

   -20.0985 -20.0985 -19.8666 -15.1693 -14.8804 -12.9622 -10.3877 -10.0362
   -10.0361  -8.9946  -8.6619  -8.6618  -7.7774  -7.7774  -7.5115  -2.4851
    -2.1000   3.4948   3.4948   3.8162

          k = 1.3333 0.0000 0.0000 ( 14418 PWs)   bands (ev):

   -20.0240 -20.0240 -20.0239 -15.0188 -15.0187 -12.9840 -10.1423 -10.1423
   -10.1421  -8.7788  -8.7787  -8.7786  -7.6922  -7.6922  -7.6921  -2.2933
    -2.2932   3.5977   3.5977   3.5977

     Writing output data file graphene.save/
 
     init_run     :      0.86s CPU      0.88s WALL (       1 calls)
     electrons    :     67.63s CPU     69.21s WALL (       1 calls)

     Called by init_run:
     wfcinit      :      0.00s CPU      0.00s WALL (       1 calls)
     potinit      :      0.04s CPU      0.05s WALL (       1 calls)
     hinit0       :      0.36s CPU      0.36s WALL (       1 calls)

     Called by electrons:
     c_bands      :     67.62s CPU     69.21s WALL (       1 calls)
     v_of_rho     :      0.04s CPU      0.04s WALL (       1 calls)

     Called by c_bands:
     init_us_2    :      0.08s CPU      0.08s WALL (      51 calls)
     cegterg      :     63.20s CPU     63.93s WALL (     126 calls)

     Called by sum_band:

     Called by *egterg:
     h_psi        :     40.09s CPU     40.62s WALL (    2228 calls)
     g_psi        :      0.58s CPU      0.58s WALL (    2051 calls)
     cdiaghg      :     13.56s CPU     13.77s WALL (    2102 calls)

     Called by h_psi:
     h_psi:pot    :     39.92s CPU     40.40s WALL (    2228 calls)
     h_psi:calbec :      3.82s CPU      3.82s WALL (    2228 calls)
     vloc_psi     :     33.53s CPU     33.98s WALL (    2228 calls)
     add_vuspsi   :      2.55s CPU      2.58s WALL (    2228 calls)

     General routines
     calbec       :      3.81s CPU      3.81s WALL (    2228 calls)
     fft          :      0.04s CPU      0.04s WALL (      11 calls)
     fftw         :     30.06s CPU     30.49s WALL (   40420 calls)
     davcio       :      0.00s CPU      0.83s WALL (     102 calls)
 
     Parallel routines
     fft_scatt_xy :      4.12s CPU      4.05s WALL (   40431 calls)
     fft_scatt_yz :      9.18s CPU      9.11s WALL (   40431 calls)
 
     PWSCF        :   1m 9.34s CPU   1m14.41s WALL

 
   This run was terminated on:  19:59: 1  10Dec2019            

=------------------------------------------------------------------------------=
   JOB DONE.
=------------------------------------------------------------------------------=
