
     Program PWSCF v.6.4.1 starts on 16Dec2019 at 12:18:21 

     This program is part of the open-source Quantum ESPRESSO suite
     for quantum simulation of materials; please cite
         "P. Giannozzi et al., J. Phys.:Condens. Matter 21 395502 (2009);
         "P. Giannozzi et al., J. Phys.:Condens. Matter 29 465901 (2017);
          URL http://www.quantum-espresso.org", 
     in publications or presentations arising from this work. More details at
     http://www.quantum-espresso.org/quote

     Parallel version (MPI & OpenMP), running on     256 processor cores
     Number of MPI processes:               256
     Threads/MPI process:                     1

     MPI processes distributed on     8 nodes
     K-points division:     npool     =      16
     R & G space division:  proc/nbgrp/npool/nimage =      16
     Reading input from pw.bands.in

     Current dimensions of program PWSCF are:
     Max number of different atomic species (ntypx) = 10
     Max number of k-points (npk) =  40000
     Max angular momentum in pseudopotentials (lmaxx) =  3

     Atomic positions and unit cell read from directory:
     ./graphene.save/
 

     Subspace diagonalization in iterative solution of the eigenvalue problem:
     one sub-group per band group will be used
     scalapack distributed-memory algorithm (size of sub-group:  2*  2 procs)

     Found symmetry operation: I + (  0.0000 -0.5000  0.0000)
     This is a supercell, fractional translations are disabled
     Message from routine setup:
     DEPRECATED: symmetry with ibrav=0, use correct ibrav instead
 
     Parallelization info
     --------------------
     sticks:   dense  smooth     PW     G-vecs:    dense   smooth      PW
     Min          66      66     21                 7200     7200    1311
     Max          67      67     22                 7217     7217    1324
     Sum        1069    1069    349               115397   115397   21055
 


     bravais-lattice index     =            0
     lattice parameter (alat)  =       9.2975  a.u.
     unit-cell volume          =    2829.3550 (a.u.)^3
     number of atoms/cell      =            8
     number of atomic types    =            1
     number of electrons       =        32.00
     number of Kohn-Sham states=           40
     kinetic-energy cutoff     =      45.0000  Ry
     charge density cutoff     =     180.0000  Ry
     Exchange-correlation      = PBE ( 1  4  3  4 0 0)
     Non magnetic calculation with spin-orbit


     celldm(1)=   9.297453  celldm(2)=   0.000000  celldm(3)=   0.000000
     celldm(4)=   0.000000  celldm(5)=   0.000000  celldm(6)=   0.000000

     crystal axes: (cart. coord. in units of alat)
               a(1) = (   1.000000   0.000000   0.000000 )  
               a(2) = (   0.500000   0.866025   0.000000 )  
               a(3) = (   0.000000   0.000000   4.065041 )  

     reciprocal axes: (cart. coord. in units 2 pi/alat)
               b(1) = (  1.000000 -0.577350  0.000000 )  
               b(2) = (  0.000000  1.154701  0.000000 )  
               b(3) = (  0.000000  0.000000  0.246000 )  


     PseudoPot. # 1 for C  read from file:
     ./C.upf
     MD5 check sum: d80ec9912146af6c4c1760317d1f95e9
     Pseudo is Norm-conserving + core correction, Zval =  4.0
     Generated using ONCVPSP code by D. R. Hamann
     Using radial grid of 1248 points,  6 beta functions with: 
                l(1) =   0
                l(2) =   0
                l(3) =   1
                l(4) =   1
                l(5) =   1
                l(6) =   1

     atomic species   valence    mass     pseudopotential
        C              4.00    12.01070     C ( 1.00)

     24 Sym. Ops., with inversion, found



   Cartesian axes

     site n.     atom                  positions (alat units)
         1           C   tau(   1) = (   0.2500005   0.1443379   0.0000000  )
         2           C   tau(   2) = (   0.5000005   0.5773506   0.0000000  )
         3           C   tau(   3) = (   0.7500005   0.1443379   0.0000000  )
         4           C   tau(   4) = (   1.0000005   0.5773506   0.0000000  )
         5           C   tau(   5) = (   0.4999995   0.2886748   0.0000000  )
         6           C   tau(   6) = (   0.7499995   0.7216876   0.0000000  )
         7           C   tau(   7) = (   0.9999995   0.2886748   0.0000000  )
         8           C   tau(   8) = (   1.2499995   0.7216876   0.0000000  )

     number of k points=    51  Methfessel-Paxton smearing, width (Ry)=  0.0200
                       cart. coord. in units 2pi/alat
        k(    1) = (   0.0000000   0.0000000   0.0000000), wk =   0.0196078
        k(    2) = (   0.0266667   0.0000000   0.0000000), wk =   0.0196078
        k(    3) = (   0.0533333   0.0000000   0.0000000), wk =   0.0196078
        k(    4) = (   0.0800000   0.0000000   0.0000000), wk =   0.0196078
        k(    5) = (   0.1066667   0.0000000   0.0000000), wk =   0.0196078
        k(    6) = (   0.1333333   0.0000000   0.0000000), wk =   0.0196078
        k(    7) = (   0.1600000   0.0000000   0.0000000), wk =   0.0196078
        k(    8) = (   0.1866667   0.0000000   0.0000000), wk =   0.0196078
        k(    9) = (   0.2133333   0.0000000   0.0000000), wk =   0.0196078
        k(   10) = (   0.2400000   0.0000000   0.0000000), wk =   0.0196078
        k(   11) = (   0.2666667   0.0000000   0.0000000), wk =   0.0196078
        k(   12) = (   0.2933333   0.0000000   0.0000000), wk =   0.0196078
        k(   13) = (   0.3200000   0.0000000   0.0000000), wk =   0.0196078
        k(   14) = (   0.3466667   0.0000000   0.0000000), wk =   0.0196078
        k(   15) = (   0.3733333   0.0000000   0.0000000), wk =   0.0196078
        k(   16) = (   0.4000000   0.0000000   0.0000000), wk =   0.0196078
        k(   17) = (   0.4266667   0.0000000   0.0000000), wk =   0.0196078
        k(   18) = (   0.4533333   0.0000000   0.0000000), wk =   0.0196078
        k(   19) = (   0.4800000   0.0000000   0.0000000), wk =   0.0196078
        k(   20) = (   0.5066667   0.0000000   0.0000000), wk =   0.0196078
        k(   21) = (   0.5333333   0.0000000   0.0000000), wk =   0.0196078
        k(   22) = (   0.5600000   0.0000000   0.0000000), wk =   0.0196078
        k(   23) = (   0.5866667   0.0000000   0.0000000), wk =   0.0196078
        k(   24) = (   0.6133333   0.0000000   0.0000000), wk =   0.0196078
        k(   25) = (   0.6400000   0.0000000   0.0000000), wk =   0.0196078
        k(   26) = (   0.6666667   0.0000000   0.0000000), wk =   0.0196078
        k(   27) = (   0.6933333   0.0000000   0.0000000), wk =   0.0196078
        k(   28) = (   0.7200000   0.0000000   0.0000000), wk =   0.0196078
        k(   29) = (   0.7466667   0.0000000   0.0000000), wk =   0.0196078
        k(   30) = (   0.7733333   0.0000000   0.0000000), wk =   0.0196078
        k(   31) = (   0.8000000   0.0000000   0.0000000), wk =   0.0196078
        k(   32) = (   0.8266667   0.0000000   0.0000000), wk =   0.0196078
        k(   33) = (   0.8533333   0.0000000   0.0000000), wk =   0.0196078
        k(   34) = (   0.8800000   0.0000000   0.0000000), wk =   0.0196078
        k(   35) = (   0.9066667   0.0000000   0.0000000), wk =   0.0196078
        k(   36) = (   0.9333333   0.0000000   0.0000000), wk =   0.0196078
        k(   37) = (   0.9600000   0.0000000   0.0000000), wk =   0.0196078
        k(   38) = (   0.9866667   0.0000000   0.0000000), wk =   0.0196078
        k(   39) = (   1.0133333   0.0000000   0.0000000), wk =   0.0196078
        k(   40) = (   1.0400000   0.0000000   0.0000000), wk =   0.0196078
        k(   41) = (   1.0666667   0.0000000   0.0000000), wk =   0.0196078
        k(   42) = (   1.0933333   0.0000000   0.0000000), wk =   0.0196078
        k(   43) = (   1.1200000   0.0000000   0.0000000), wk =   0.0196078
        k(   44) = (   1.1466667   0.0000000   0.0000000), wk =   0.0196078
        k(   45) = (   1.1733333   0.0000000   0.0000000), wk =   0.0196078
        k(   46) = (   1.2000000   0.0000000   0.0000000), wk =   0.0196078
        k(   47) = (   1.2266667   0.0000000   0.0000000), wk =   0.0196078
        k(   48) = (   1.2533333   0.0000000   0.0000000), wk =   0.0196078
        k(   49) = (   1.2800000   0.0000000   0.0000000), wk =   0.0196078
        k(   50) = (   1.3066667   0.0000000   0.0000000), wk =   0.0196078
        k(   51) = (   1.3333333   0.0000000   0.0000000), wk =   0.0196078

     Dense  grid:   115397 G-vectors     FFT dimensions: (  40,  40, 162)

     Estimated max dynamical RAM per process >      17.63 MB

     Estimated total dynamical RAM >       4.41 GB

     The potential is recalculated from file :
     ./graphene.save/charge-density

     Starting wfcs are   64 randomized atomic wfcs

     Band Structure Calculation
     Davidson diagonalization with overlap

     ethr =  3.13E-11,  avg # of iterations = 41.3

     total cpu time spent up to now is       18.0 secs

     End of band structure calculation

          k = 0.0000 0.0000 0.0000 ( 14337 PWs)   bands (ev):

   -21.9855 -21.9855 -16.7067 -16.7067 -16.7067 -16.7067 -16.7066 -16.7066
   -15.6717 -15.6717 -15.6715 -15.6715 -15.6715 -15.6715 -10.0011 -10.0011
    -8.7757  -8.7757  -8.7757  -8.7757  -8.7756  -8.7756  -5.3231  -5.3231
    -5.3144  -5.3144  -4.6844  -4.6844  -4.6844  -4.6844  -4.6843  -4.6843
    -0.6032  -0.6032  -0.6031  -0.6031  -0.6031  -0.6031   0.9114   0.9114

          k = 0.0267 0.0000 0.0000 ( 14351 PWs)   bands (ev):

   -21.9827 -21.9827 -16.7500 -16.7500 -16.7499 -16.7499 -16.7039 -16.7039
   -15.6688 -15.6688 -15.6235 -15.6235 -15.6234 -15.6234  -9.9979  -9.9979
    -8.7899  -8.7899  -8.7768  -8.7768  -8.7768  -8.7768  -5.3387  -5.3387
    -5.3271  -5.3271  -4.6991  -4.6991  -4.6990  -4.6990  -4.6798  -4.6798
    -0.6037  -0.6037  -0.5837  -0.5837  -0.5836  -0.5836   0.9157   0.9157

          k = 0.0533 0.0000 0.0000 ( 14335 PWs)   bands (ev):

   -21.9738 -21.9738 -16.8603 -16.8603 -16.8602 -16.8602 -16.6954 -16.6954
   -15.6603 -15.6603 -15.4961 -15.4961 -15.4959 -15.4959  -9.9885  -9.9885
    -8.8302  -8.8302  -8.7786  -8.7786  -8.7785  -8.7785  -5.3775  -5.3775
    -5.3497  -5.3497  -4.7428  -4.7428  -4.7427  -4.7427  -4.6684  -4.6684
    -0.6052  -0.6052  -0.5260  -0.5260  -0.5259  -0.5259   0.9286   0.9286

          k = 0.0800 0.0000 0.0000 ( 14338 PWs)   bands (ev):

   -21.9579 -21.9579 -17.0096 -17.0096 -17.0096 -17.0096 -16.6811 -16.6811
   -15.6460 -15.6460 -15.3243 -15.3243 -15.3242 -15.3242  -9.9697  -9.9697
    -8.9005  -8.9005  -8.7850  -8.7850  -8.7849  -8.7849  -5.4441  -5.4441
    -5.3855  -5.3855  -4.8134  -4.8134  -4.8133  -4.8133  -4.6485  -4.6485
    -0.6076  -0.6076  -0.4338  -0.4338  -0.4337  -0.4337   0.9501   0.9501

          k = 0.1067 0.0000 0.0000 ( 14362 PWs)   bands (ev):

   -21.9359 -21.9359 -17.1763 -17.1763 -17.1762 -17.1762 -16.6627 -16.6627
   -15.6278 -15.6278 -15.1231 -15.1231 -15.1230 -15.1230  -9.9446  -9.9446
    -9.0041  -9.0041  -8.7933  -8.7933  -8.7932  -8.7932  -5.5335  -5.5335
    -5.4349  -5.4349  -4.9069  -4.9069  -4.9068  -4.9068  -4.6228  -4.6228
    -0.6158  -0.6158  -0.3097  -0.3097  -0.3096  -0.3096   0.9802   0.9802

          k = 0.1333 0.0000 0.0000 ( 14360 PWs)   bands (ev):

   -21.9073 -21.9073 -17.3494 -17.3494 -17.3494 -17.3494 -16.6382 -16.6382
   -15.6032 -15.6032 -14.9051 -14.9051 -14.9050 -14.9050  -9.9104  -9.9104
    -9.1285  -9.1285  -8.8043  -8.8043  -8.8042  -8.8042  -5.6475  -5.6475
    -5.4978  -5.4978  -5.0183  -5.0183  -5.0183  -5.0183  -4.5878  -4.5878
    -0.6250  -0.6250  -0.1588  -0.1588  -0.1587  -0.1587   1.0189   1.0189

          k = 0.1600 0.0000 0.0000 ( 14388 PWs)   bands (ev):

   -21.8725 -21.8725 -17.5256 -17.5256 -17.5256 -17.5256 -16.6081 -16.6081
   -15.5740 -15.5740 -14.6768 -14.6768 -14.6767 -14.6767  -9.8686  -9.8686
    -9.2754  -9.2754  -8.8182  -8.8182  -8.8181  -8.8181  -5.7878  -5.7878
    -5.5747  -5.5747  -5.1455  -5.1455  -5.1454  -5.1454  -4.5451  -4.5451
    -0.6370  -0.6370   0.0149   0.0149   0.0150   0.0150   1.0663   1.0663

          k = 0.1867 0.0000 0.0000 ( 14398 PWs)   bands (ev):

   -21.8313 -21.8313 -17.7005 -17.7005 -17.7005 -17.7005 -16.5731 -16.5731
   -15.5401 -15.5401 -14.4389 -14.4389 -14.4388 -14.4388  -9.8194  -9.8194
    -9.4413  -9.4413  -8.8355  -8.8355  -8.8354  -8.8354  -5.9439  -5.9439
    -5.6633  -5.6633  -5.2825  -5.2825  -5.2825  -5.2825  -4.4947  -4.4947
    -0.6519  -0.6519   0.2092   0.2092   0.2093   0.2093   1.1222   1.1222

          k = 0.2133 0.0000 0.0000 ( 14408 PWs)   bands (ev):

   -21.7839 -21.7839 -17.8734 -17.8734 -17.8734 -17.8734 -16.5322 -16.5322
   -15.5003 -15.5003 -14.1951 -14.1951 -14.1950 -14.1950  -9.7630  -9.7630
    -9.6260  -9.6260  -8.8520  -8.8520  -8.8519  -8.8519  -6.1165  -6.1165
    -5.7645  -5.7645  -5.4279  -5.4279  -5.4278  -5.4278  -4.4377  -4.4377
    -0.6716  -0.6716   0.4182   0.4182   0.4183   0.4183   1.1867   1.1867

          k = 0.2400 0.0000 0.0000 ( 14396 PWs)   bands (ev):

   -21.7301 -21.7301 -18.0415 -18.0415 -18.0415 -18.0415 -16.4861 -16.4861
   -15.4565 -15.4565 -13.9443 -13.9443 -13.9442 -13.9442  -9.8267  -9.8267
    -9.6988  -9.6988  -8.8688  -8.8688  -8.8687  -8.8687  -6.3064  -6.3064
    -5.8792  -5.8792  -5.5781  -5.5781  -5.5780  -5.5780  -4.3711  -4.3711
    -0.6950  -0.6950   0.6401   0.6401   0.6402   0.6402   1.2599   1.2599

          k = 0.2667 0.0000 0.0000 ( 14424 PWs)   bands (ev):

   -21.6698 -21.6698 -18.2067 -18.2067 -18.2066 -18.2066 -16.4348 -16.4348
   -15.4084 -15.4084 -13.6906 -13.6906 -13.6905 -13.6905 -10.0426 -10.0426
    -9.6260  -9.6260  -8.8887  -8.8887  -8.8886  -8.8886  -6.5089  -6.5089
    -6.0070  -6.0070  -5.7315  -5.7315  -5.7314  -5.7314  -4.2992  -4.2992
    -0.7270  -0.7270   0.8711   0.8711   0.8712   0.8712   1.3416   1.3416

          k = 0.2933 0.0000 0.0000 ( 14424 PWs)   bands (ev):

   -21.6034 -21.6034 -18.3658 -18.3658 -18.3658 -18.3658 -16.3779 -16.3779
   -15.3565 -15.3565 -13.4322 -13.4322 -13.4321 -13.4321 -10.2694 -10.2694
    -9.5464  -9.5464  -8.9087  -8.9087  -8.9086  -8.9086  -6.7223  -6.7223
    -6.1444  -6.1444  -5.8857  -5.8857  -5.8857  -5.8857  -4.2175  -4.2175
    -0.7630  -0.7630   1.1084   1.1084   1.1085   1.1085   1.4320   1.4320

          k = 0.3200 0.0000 0.0000 ( 14420 PWs)   bands (ev):

   -21.5303 -21.5303 -18.5206 -18.5206 -18.5206 -18.5206 -16.3160 -16.3160
   -15.3003 -15.3003 -13.1711 -13.1711 -13.1710 -13.1710 -10.5030 -10.5030
    -9.4592  -9.4592  -8.9288  -8.9288  -8.9287  -8.9287  -6.9417  -6.9417
    -6.2890  -6.2890  -6.0397  -6.0397  -6.0397  -6.0397  -4.1298  -4.1298
    -0.8053  -0.8053   1.3505   1.3505   1.3506   1.3506   1.5310   1.5310

          k = 0.3467 0.0000 0.0000 ( 14430 PWs)   bands (ev):

   -21.4516 -21.4516 -18.6706 -18.6706 -18.6706 -18.6706 -16.2478 -16.2478
   -15.2401 -15.2401 -12.9082 -12.9082 -12.9081 -12.9081 -10.7460 -10.7460
    -9.3658  -9.3658  -8.9488  -8.9488  -8.9487  -8.9487  -7.1734  -7.1734
    -6.4450  -6.4450  -6.1933  -6.1933  -6.1933  -6.1933  -4.0320  -4.0320
    -0.8550  -0.8550   1.5956   1.5956   1.5957   1.5957   1.6386   1.6386

          k = 0.3733 0.0000 0.0000 ( 14426 PWs)   bands (ev):

   -21.3663 -21.3663 -18.8149 -18.8149 -18.8149 -18.8149 -16.1751 -16.1751
   -15.1770 -15.1770 -12.6445 -12.6445 -12.6445 -12.6445 -10.9918 -10.9918
    -9.2642  -9.2642  -8.9673  -8.9673  -8.9672  -8.9672  -7.4079  -7.4079
    -6.6096  -6.6096  -6.3438  -6.3438  -6.3437  -6.3437  -3.9281  -3.9281
    -0.9128  -0.9128   1.7548   1.7548   1.8418   1.8418   1.8418   1.8418

          k = 0.4000 0.0000 0.0000 ( 14436 PWs)   bands (ev):

   -21.2749 -21.2749 -18.9535 -18.9535 -18.9535 -18.9535 -16.0978 -16.0978
   -15.1128 -15.1128 -12.3794 -12.3794 -12.3794 -12.3794 -11.2425 -11.2425
    -9.1557  -9.1557  -8.9854  -8.9854  -8.9853  -8.9853  -7.6506  -7.6506
    -6.7821  -6.7821  -6.4918  -6.4918  -6.4918  -6.4918  -3.8162  -3.8162
    -0.9811  -0.9811   1.8795   1.8795   2.0867   2.0867   2.0868   2.0868

          k = 0.4267 0.0000 0.0000 ( 14438 PWs)   bands (ev):

   -21.1775 -21.1775 -19.0871 -19.0871 -19.0871 -19.0871 -16.0139 -16.0139
   -15.0457 -15.0457 -12.1146 -12.1146 -12.1145 -12.1145 -11.4918 -11.4918
    -9.0406  -9.0406  -9.0018  -9.0018  -9.0017  -9.0017  -7.8958  -7.8958
    -6.9613  -6.9613  -6.6357  -6.6357  -6.6356  -6.6356  -3.6963  -3.6963
    -1.0595  -1.0595   2.0129   2.0129   2.3296   2.3296   2.3297   2.3297

          k = 0.4533 0.0000 0.0000 ( 14432 PWs)   bands (ev):

   -21.0740 -21.0740 -19.2143 -19.2143 -19.2143 -19.2143 -15.9242 -15.9242
   -14.9810 -14.9810 -11.8515 -11.8515 -11.8514 -11.8514 -11.7381 -11.7381
    -9.0150  -9.0150  -9.0149  -9.0149  -8.9185  -8.9185  -8.1426  -8.1426
    -7.1485  -7.1485  -6.7746  -6.7746  -6.7746  -6.7746  -3.5698  -3.5698
    -1.1501  -1.1501   2.1548   2.1548   2.5712   2.5712   2.5713   2.5713

          k = 0.4800 0.0000 0.0000 ( 14438 PWs)   bands (ev):

   -20.9638 -20.9638 -19.3361 -19.3361 -19.3361 -19.3361 -15.8295 -15.8295
   -14.9194 -14.9194 -11.9777 -11.9777 -11.5940 -11.5940 -11.5939 -11.5939
    -9.0249  -9.0249  -9.0248  -9.0248  -8.7885  -8.7885  -8.3933  -8.3933
    -7.3384  -7.3384  -6.9099  -6.9099  -6.9099  -6.9099  -3.4359  -3.4359
    -1.2531  -1.2531   2.3054   2.3054   2.8039   2.8039   2.8040   2.8040

          k = 0.5067 0.0000 0.0000 ( 14450 PWs)   bands (ev):

   -20.8476 -20.8476 -19.4514 -19.4514 -19.4514 -19.4514 -15.7308 -15.7308
   -14.8648 -14.8648 -12.2084 -12.2084 -11.3406 -11.3406 -11.3404 -11.3404
    -9.0293  -9.0293  -9.0292  -9.0292  -8.6514  -8.6514  -8.6442  -8.6442
    -7.5368  -7.5368  -7.0401  -7.0401  -7.0400  -7.0400  -3.2946  -3.2946
    -1.3664  -1.3664   2.4644   2.4644   3.0297   3.0297   3.0297   3.0297

          k = 0.5333 0.0000 0.0000 ( 14444 PWs)   bands (ev):

   -20.7252 -20.7252 -19.5618 -19.5618 -19.5618 -19.5618 -15.6246 -15.6246
   -14.8209 -14.8209 -12.4222 -12.4222 -11.0951 -11.0951 -11.0950 -11.0950
    -9.0265  -9.0265  -9.0264  -9.0264  -8.8978  -8.8978  -8.5071  -8.5071
    -7.7362  -7.7362  -7.1642  -7.1642  -7.1641  -7.1641  -3.1453  -3.1453
    -1.4906  -1.4906   2.6321   2.6321   3.2468   3.2468   3.2469   3.2469

          k = 0.5600 0.0000 0.0000 ( 14460 PWs)   bands (ev):

   -20.5966 -20.5966 -19.6667 -19.6667 -19.6667 -19.6667 -15.5142 -15.5142
   -14.7943 -14.7943 -12.6109 -12.6109 -10.8630 -10.8630 -10.8629 -10.8629
    -9.1493  -9.1493  -9.0147  -9.0147  -9.0146  -9.0146  -8.3567  -8.3567
    -7.9384  -7.9384  -7.2832  -7.2832  -7.2832  -7.2832  -2.9899  -2.9899
    -1.6252  -1.6252   2.8083   2.8083   3.4554   3.4554   3.4554   3.4554

          k = 0.5867 0.0000 0.0000 ( 14460 PWs)   bands (ev):

   -20.4623 -20.4623 -19.7650 -19.7650 -19.7650 -19.7650 -15.3982 -15.3982
   -14.7941 -14.7941 -12.7700 -12.7700 -10.6454 -10.6454 -10.6453 -10.6453
    -9.3974  -9.3974  -8.9884  -8.9884  -8.9882  -8.9882  -8.1998  -8.1998
    -8.1467  -8.1467  -7.3951  -7.3951  -7.3951  -7.3951  -2.8269  -2.8269
    -1.7749  -1.7749   2.9929   2.9929   3.6542   3.6542   3.6542   3.6542

          k = 0.6133 0.0000 0.0000 ( 14446 PWs)   bands (ev):

   -20.3218 -20.3218 -19.8568 -19.8568 -19.8568 -19.8568 -15.2768 -15.2768
   -14.8280 -14.8280 -12.8895 -12.8895 -10.4503 -10.4503 -10.4501 -10.4501
    -9.6486  -9.6486  -8.9420  -8.9420  -8.9419  -8.9419  -8.3556  -8.3556
    -8.0360  -8.0360  -7.5002  -7.5002  -7.5002  -7.5002  -2.6541  -2.6541
    -1.9356  -1.9356   3.1861   3.1861   3.8290   3.8290   3.8290   3.8290

          k = 0.6400 0.0000 0.0000 ( 14442 PWs)   bands (ev):

   -20.1756 -20.1756 -19.9430 -19.9430 -19.9430 -19.9430 -15.1496 -15.1496
   -14.9027 -14.9027 -12.9603 -12.9603 -10.2815 -10.2815 -10.2814 -10.2814
    -9.8963  -9.8963  -8.8733  -8.8733  -8.8732  -8.8732  -8.5666  -8.5666
    -7.8669  -7.8669  -7.5995  -7.5995  -7.5995  -7.5995  -2.4769  -2.4769
    -2.1083  -2.1083   3.3878   3.3878   3.7092   3.7092   3.7092   3.7092

          k = 0.6667 0.0000 0.0000 ( 14418 PWs)   bands (ev):

   -20.0232 -20.0232 -20.0232 -20.0232 -20.0232 -20.0232 -15.0190 -15.0190
   -15.0169 -15.0169 -12.9833 -12.9833 -10.1414 -10.1414 -10.1414 -10.1414
   -10.1413 -10.1413  -8.7780  -8.7780  -8.7778  -8.7778  -8.7778  -8.7778
    -7.6916  -7.6916  -7.6916  -7.6916  -7.6916  -7.6916  -2.2926  -2.2926
    -2.2925  -2.2925   3.5979   3.5979   3.5979   3.5979   3.5979   3.5979

          k = 0.6933 0.0000 0.0000 ( 14428 PWs)   bands (ev):

   -20.0978 -20.0978 -20.0977 -20.0977 -19.8658 -19.8658 -15.1685 -15.1685
   -14.8796 -14.8796 -12.9615 -12.9615 -10.3869 -10.3869 -10.0354 -10.0354
   -10.0352 -10.0352  -8.9938  -8.9938  -8.6611  -8.6611  -8.6610  -8.6610
    -7.7768  -7.7768  -7.7768  -7.7768  -7.5109  -7.5109  -2.4844  -2.4844
    -2.0993  -2.0993   3.4950   3.4950   3.4950   3.4950   3.8163   3.8163

          k = 0.7200 0.0000 0.0000 ( 14452 PWs)   bands (ev):

   -20.1663 -20.1663 -20.1663 -20.1663 -19.7038 -19.7038 -15.3490 -15.3490
   -14.7380 -14.7380 -12.9057 -12.9057 -10.6259 -10.6259  -9.9579  -9.9579
    -9.9578  -9.9578  -9.2073  -9.2073  -8.5227  -8.5227  -8.5226  -8.5226
    -7.8565  -7.8565  -7.8564  -7.8564  -7.3232  -7.3232  -2.6871  -2.6871
    -1.9022  -1.9022   3.4005   3.4005   3.4005   3.4005   3.5687   3.5687

          k = 0.7467 0.0000 0.0000 ( 14456 PWs)   bands (ev):

   -20.2286 -20.2286 -20.2286 -20.2286 -19.5351 -19.5351 -15.5482 -15.5482
   -14.5912 -14.5912 -12.8210 -12.8210 -10.8640 -10.8640  -9.9031  -9.9031
    -9.9030  -9.9030  -9.4213  -9.4213  -8.3702  -8.3702  -8.3701  -8.3701
    -7.9292  -7.9292  -7.9292  -7.9292  -7.1301  -7.1301  -2.8957  -2.8957
    -1.6978  -1.6978   3.2675   3.2675   3.3146   3.3146   3.3146   3.3146

          k = 0.7733 0.0000 0.0000 ( 14422 PWs)   bands (ev):

   -20.2841 -20.2841 -20.2841 -20.2841 -19.3613 -19.3613 -15.7608 -15.7608
   -14.4374 -14.4374 -12.7144 -12.7144 -11.0961 -11.0961  -9.8655  -9.8655
    -9.8654  -9.8654  -9.6329  -9.6329  -8.2096  -8.2096  -8.2095  -8.2095
    -7.9939  -7.9939  -7.9939  -7.9939  -6.9306  -6.9306  -3.1106  -3.1106
    -1.4853  -1.4853   2.9682   2.9682   3.2373   3.2373   3.2373   3.2373

          k = 0.8000 0.0000 0.0000 ( 14428 PWs)   bands (ev):

   -20.3340 -20.3340 -20.3340 -20.3340 -19.1819 -19.1819 -15.9832 -15.9832
   -14.2793 -14.2793 -12.5908 -12.5908 -11.3270 -11.3270  -9.8460  -9.8460
    -9.8415  -9.8415  -9.8414  -9.8414  -8.0532  -8.0532  -8.0532  -8.0532
    -8.0510  -8.0510  -8.0509  -8.0509  -6.7277  -6.7277  -3.3319  -3.3319
    -1.2684  -1.2684   2.6675   2.6675   3.1685   3.1685   3.1685   3.1685

          k = 0.8267 0.0000 0.0000 ( 14424 PWs)   bands (ev):

   -20.3778 -20.3778 -20.3778 -20.3778 -18.9969 -18.9969 -16.2088 -16.2088
   -14.1175 -14.1175 -12.4553 -12.4553 -11.5524 -11.5524 -10.0568 -10.0568
    -9.8257  -9.8257  -9.8256  -9.8256  -8.1033  -8.1033  -8.1033  -8.1033
    -7.9031  -7.9031  -7.9030  -7.9030  -6.5185  -6.5185  -3.5574  -3.5574
    -1.0424  -1.0424   2.3770   2.3770   3.1081   3.1081   3.1082   3.1082

          k = 0.8533 0.0000 0.0000 ( 14422 PWs)   bands (ev):

   -20.4154 -20.4154 -20.4154 -20.4154 -18.8059 -18.8059 -16.4377 -16.4377
   -13.9490 -13.9490 -12.3087 -12.3087 -11.7771 -11.7771 -10.2649 -10.2649
    -9.8148  -9.8148  -9.8148  -9.8148  -8.1478  -8.1478  -8.1478  -8.1478
    -7.7661  -7.7661  -7.7660  -7.7660  -6.3043  -6.3043  -3.7861  -3.7861
    -0.8120  -0.8120   2.0864   2.0864   3.0564   3.0564   3.0564   3.0564

          k = 0.8800 0.0000 0.0000 ( 14458 PWs)   bands (ev):

   -20.4468 -20.4468 -20.4468 -20.4468 -18.6107 -18.6107 -16.6681 -16.6681
   -13.7758 -13.7758 -12.1521 -12.1521 -11.9980 -11.9980 -10.4712 -10.4712
    -9.8096  -9.8096  -9.8096  -9.8096  -8.1848  -8.1848  -8.1848  -8.1848
    -7.6467  -7.6467  -7.6467  -7.6467  -6.0872  -6.0872  -4.0188  -4.0188
    -0.5780  -0.5780   1.7989   1.7989   3.0132   3.0132   3.0132   3.0132

          k = 0.9067 0.0000 0.0000 ( 14446 PWs)   bands (ev):

   -20.4716 -20.4716 -20.4716 -20.4716 -18.4111 -18.4111 -16.8949 -16.8949
   -13.5976 -13.5976 -12.2148 -12.2148 -11.9866 -11.9866 -10.6744 -10.6744
    -9.8057  -9.8057  -9.8057  -9.8057  -8.2138  -8.2138  -8.2138  -8.2138
    -7.5430  -7.5430  -7.5430  -7.5430  -5.8662  -5.8662  -4.2512  -4.2512
    -0.3353  -0.3353   1.5150   1.5150   2.9787   2.9787   2.9787   2.9787

          k = 0.9333 0.0000 0.0000 ( 14440 PWs)   bands (ev):

   -20.4902 -20.4902 -20.4902 -20.4902 -18.2079 -18.2079 -17.1222 -17.1222
   -13.4138 -13.4138 -12.4247 -12.4247 -11.8141 -11.8141 -10.8755 -10.8755
    -9.8033  -9.8033  -9.8033  -9.8033  -8.2350  -8.2350  -8.2350  -8.2350
    -7.4639  -7.4639  -7.4639  -7.4639  -5.6419  -5.6419  -4.4851  -4.4851
    -0.0868  -0.0868   1.2357   1.2357   2.9527   2.9527   2.9527   2.9527

          k = 0.9600 0.0000 0.0000 ( 14438 PWs)   bands (ev):

   -20.5026 -20.5026 -20.5026 -20.5026 -17.9983 -17.9983 -17.3460 -17.3460
   -13.2266 -13.2266 -12.6327 -12.6327 -11.6360 -11.6360 -11.0730 -11.0730
    -9.8020  -9.8020  -9.8020  -9.8020  -8.2486  -8.2486  -8.2486  -8.2486
    -7.4123  -7.4123  -7.4122  -7.4122  -5.4136  -5.4136  -4.7179  -4.7179
     0.1663   0.1663   0.9611   0.9611   2.9354   2.9354   2.9354   2.9354

          k = 0.9867 0.0000 0.0000 ( 14442 PWs)   bands (ev):

   -20.5088 -20.5088 -20.5088 -20.5088 -17.7849 -17.7849 -17.5672 -17.5672
   -13.0342 -13.0342 -12.8359 -12.8359 -11.4530 -11.4530 -11.2655 -11.2655
    -9.8010  -9.8010  -9.8010  -9.8010  -8.2556  -8.2556  -8.2556  -8.2556
    -7.3856  -7.3856  -7.3856  -7.3856  -5.1830  -5.1830  -4.9510  -4.9510
     0.4256   0.4256   0.6909   0.6909   2.9267   2.9267   2.9267   2.9267

          k = 1.0133 0.0000 0.0000 ( 14442 PWs)   bands (ev):

   -20.5088 -20.5088 -20.5088 -20.5088 -17.7849 -17.7849 -17.5672 -17.5672
   -13.0342 -13.0342 -12.8359 -12.8359 -11.4530 -11.4530 -11.2655 -11.2655
    -9.8010  -9.8010  -9.8010  -9.8010  -8.2556  -8.2556  -8.2556  -8.2556
    -7.3856  -7.3856  -7.3856  -7.3856  -5.1830  -5.1830  -4.9510  -4.9510
     0.4256   0.4256   0.6909   0.6909   2.9267   2.9267   2.9267   2.9267

          k = 1.0400 0.0000 0.0000 ( 14438 PWs)   bands (ev):

   -20.5026 -20.5026 -20.5026 -20.5026 -17.9983 -17.9983 -17.3460 -17.3460
   -13.2266 -13.2266 -12.6327 -12.6327 -11.6360 -11.6360 -11.0730 -11.0730
    -9.8020  -9.8020  -9.8020  -9.8020  -8.2486  -8.2486  -8.2486  -8.2486
    -7.4123  -7.4123  -7.4122  -7.4122  -5.4136  -5.4136  -4.7179  -4.7179
     0.1663   0.1663   0.9611   0.9611   2.9354   2.9354   2.9354   2.9354

          k = 1.0667 0.0000 0.0000 ( 14440 PWs)   bands (ev):

   -20.4902 -20.4902 -20.4902 -20.4902 -18.2079 -18.2079 -17.1222 -17.1222
   -13.4138 -13.4138 -12.4247 -12.4247 -11.8141 -11.8141 -10.8755 -10.8755
    -9.8033  -9.8033  -9.8033  -9.8033  -8.2350  -8.2350  -8.2350  -8.2350
    -7.4639  -7.4639  -7.4639  -7.4639  -5.6419  -5.6419  -4.4851  -4.4851
    -0.0868  -0.0868   1.2357   1.2357   2.9527   2.9527   2.9527   2.9527

          k = 1.0933 0.0000 0.0000 ( 14446 PWs)   bands (ev):

   -20.4716 -20.4716 -20.4716 -20.4716 -18.4111 -18.4111 -16.8949 -16.8949
   -13.5976 -13.5976 -12.2148 -12.2148 -11.9866 -11.9866 -10.6744 -10.6744
    -9.8057  -9.8057  -9.8057  -9.8057  -8.2138  -8.2138  -8.2138  -8.2138
    -7.5430  -7.5430  -7.5430  -7.5430  -5.8662  -5.8662  -4.2512  -4.2512
    -0.3353  -0.3353   1.5150   1.5150   2.9787   2.9787   2.9787   2.9787

          k = 1.1200 0.0000 0.0000 ( 14458 PWs)   bands (ev):

   -20.4468 -20.4468 -20.4468 -20.4468 -18.6107 -18.6107 -16.6681 -16.6681
   -13.7758 -13.7758 -12.1521 -12.1521 -11.9980 -11.9980 -10.4712 -10.4712
    -9.8096  -9.8096  -9.8096  -9.8096  -8.1848  -8.1848  -8.1848  -8.1848
    -7.6467  -7.6467  -7.6467  -7.6467  -6.0872  -6.0872  -4.0188  -4.0188
    -0.5780  -0.5780   1.7989   1.7989   3.0132   3.0132   3.0132   3.0132

          k = 1.1467 0.0000 0.0000 ( 14422 PWs)   bands (ev):

   -20.4154 -20.4154 -20.4154 -20.4154 -18.8059 -18.8059 -16.4377 -16.4377
   -13.9490 -13.9490 -12.3087 -12.3087 -11.7771 -11.7771 -10.2649 -10.2649
    -9.8148  -9.8148  -9.8148  -9.8148  -8.1478  -8.1478  -8.1478  -8.1478
    -7.7661  -7.7661  -7.7660  -7.7660  -6.3043  -6.3043  -3.7861  -3.7861
    -0.8120  -0.8120   2.0864   2.0864   3.0564   3.0564   3.0564   3.0564

          k = 1.1733 0.0000 0.0000 ( 14424 PWs)   bands (ev):

   -20.3778 -20.3778 -20.3778 -20.3778 -18.9969 -18.9969 -16.2088 -16.2088
   -14.1175 -14.1175 -12.4553 -12.4553 -11.5524 -11.5524 -10.0568 -10.0568
    -9.8257  -9.8257  -9.8256  -9.8256  -8.1033  -8.1033  -8.1033  -8.1033
    -7.9031  -7.9031  -7.9030  -7.9030  -6.5185  -6.5185  -3.5574  -3.5574
    -1.0424  -1.0424   2.3770   2.3770   3.1081   3.1081   3.1082   3.1082

          k = 1.2000 0.0000 0.0000 ( 14428 PWs)   bands (ev):

   -20.3340 -20.3340 -20.3340 -20.3340 -19.1819 -19.1819 -15.9832 -15.9832
   -14.2793 -14.2793 -12.5908 -12.5908 -11.3270 -11.3270  -9.8460  -9.8460
    -9.8415  -9.8415  -9.8414  -9.8414  -8.0532  -8.0532  -8.0532  -8.0532
    -8.0510  -8.0510  -8.0509  -8.0509  -6.7277  -6.7277  -3.3319  -3.3319
    -1.2684  -1.2684   2.6675   2.6675   3.1685   3.1685   3.1685   3.1685

          k = 1.2267 0.0000 0.0000 ( 14422 PWs)   bands (ev):

   -20.2841 -20.2841 -20.2841 -20.2841 -19.3613 -19.3613 -15.7608 -15.7608
   -14.4374 -14.4374 -12.7144 -12.7144 -11.0961 -11.0961  -9.8655  -9.8655
    -9.8654  -9.8654  -9.6329  -9.6329  -8.2096  -8.2096  -8.2095  -8.2095
    -7.9939  -7.9939  -7.9939  -7.9939  -6.9306  -6.9306  -3.1106  -3.1106
    -1.4853  -1.4853   2.9682   2.9682   3.2373   3.2373   3.2373   3.2373

          k = 1.2533 0.0000 0.0000 ( 14456 PWs)   bands (ev):

   -20.2286 -20.2286 -20.2286 -20.2286 -19.5351 -19.5351 -15.5482 -15.5482
   -14.5912 -14.5912 -12.8210 -12.8210 -10.8640 -10.8640  -9.9031  -9.9031
    -9.9030  -9.9030  -9.4213  -9.4213  -8.3702  -8.3702  -8.3701  -8.3701
    -7.9292  -7.9292  -7.9292  -7.9292  -7.1301  -7.1301  -2.8957  -2.8957
    -1.6978  -1.6978   3.2675   3.2675   3.3146   3.3146   3.3146   3.3146

          k = 1.2800 0.0000 0.0000 ( 14452 PWs)   bands (ev):

   -20.1663 -20.1663 -20.1663 -20.1663 -19.7038 -19.7038 -15.3490 -15.3490
   -14.7380 -14.7380 -12.9057 -12.9057 -10.6259 -10.6259  -9.9579  -9.9579
    -9.9578  -9.9578  -9.2073  -9.2073  -8.5227  -8.5227  -8.5226  -8.5226
    -7.8565  -7.8565  -7.8564  -7.8564  -7.3232  -7.3232  -2.6871  -2.6871
    -1.9022  -1.9022   3.4005   3.4005   3.4005   3.4005   3.5687   3.5687

          k = 1.3067 0.0000 0.0000 ( 14428 PWs)   bands (ev):

   -20.0978 -20.0978 -20.0977 -20.0977 -19.8658 -19.8658 -15.1685 -15.1685
   -14.8796 -14.8796 -12.9615 -12.9615 -10.3869 -10.3869 -10.0354 -10.0354
   -10.0352 -10.0352  -8.9938  -8.9938  -8.6611  -8.6611  -8.6610  -8.6610
    -7.7768  -7.7768  -7.7768  -7.7768  -7.5109  -7.5109  -2.4844  -2.4844
    -2.0993  -2.0993   3.4950   3.4950   3.4950   3.4950   3.8163   3.8163

          k = 1.3333 0.0000 0.0000 ( 14418 PWs)   bands (ev):

   -20.0232 -20.0232 -20.0232 -20.0232 -20.0232 -20.0232 -15.0190 -15.0190
   -15.0169 -15.0169 -12.9833 -12.9833 -10.1414 -10.1414 -10.1414 -10.1414
   -10.1413 -10.1413  -8.7780  -8.7780  -8.7778  -8.7778  -8.7778  -8.7778
    -7.6916  -7.6916  -7.6916  -7.6916  -7.6916  -7.6916  -2.2926  -2.2926
    -2.2925  -2.2925   3.5979   3.5979   3.5979   3.5979   3.5979   3.5979

     Writing output data file graphene.save/
 
     init_run     :      3.94s CPU      4.09s WALL (       1 calls)
     electrons    :     13.24s CPU     13.66s WALL (       1 calls)

     Called by init_run:
     wfcinit      :      0.00s CPU      0.01s WALL (       1 calls)
     potinit      :      0.04s CPU      0.17s WALL (       1 calls)
     hinit0       :      0.07s CPU      0.07s WALL (       1 calls)

     Called by electrons:
     c_bands      :     12.72s CPU     13.11s WALL (       1 calls)
     v_of_rho     :      0.01s CPU      0.02s WALL (       1 calls)

     Called by c_bands:
     init_us_2    :      0.00s CPU      0.00s WALL (       4 calls)
     cegterg      :      4.74s CPU      4.86s WALL (       8 calls)

     Called by sum_band:

     Called by *egterg:
     h_psi        :      3.03s CPU      3.10s WALL (     152 calls)
     g_psi        :      0.03s CPU      0.03s WALL (     140 calls)
     cdiaghg      :      0.82s CPU      0.85s WALL (     144 calls)

     Called by h_psi:
     h_psi:pot    :      3.00s CPU      3.06s WALL (     152 calls)
     h_psi:calbec :      0.22s CPU      0.23s WALL (     152 calls)
     vloc_psi     :      2.59s CPU      2.64s WALL (     152 calls)
     add_vuspsi   :      0.19s CPU      0.20s WALL (     152 calls)

     General routines
     calbec       :      0.22s CPU      0.22s WALL (     152 calls)
     fft          :      0.01s CPU      0.02s WALL (      14 calls)
     fftw         :      2.29s CPU      2.34s WALL (   10712 calls)
     davcio       :      0.00s CPU      0.47s WALL (       8 calls)
 
     Parallel routines
     fft_scatt_xy :      0.35s CPU      0.35s WALL (   10726 calls)
     fft_scatt_yz :      0.78s CPU      0.80s WALL (   10726 calls)
 
     PWSCF        :     18.96s CPU     31.92s WALL

 
   This run was terminated on:  12:18:53  16Dec2019            

=------------------------------------------------------------------------------=
   JOB DONE.
=------------------------------------------------------------------------------=
